<testsuites name="results">
  <testsuite name="all" package="all">
    <property name="random_seed" value="1786244030" />
    <testcase name="test_addition" classname="test_adder" file="/workspaces/TallerDD/tests/test_adder.py" lineno="5" time="0.0031766891479492188" sim_time_ns="1.0" ratio_time="314.79315520864606" />
  </testsuite>
</testsuites>